[==========] Running 3 tests from 1 test case.
[----------] Global test environment set-up.
[----------] 3 tests from Client
[ RUN      ] Client.Set
[       OK ] Client.Set (0 ms)
[ RUN      ] Client.Get
[       OK ] Client.Get (0 ms)
[ RUN      ] Client.Delete
[       OK ] Client.Delete (0 ms)
[----------] 3 tests from Client (0 ms total)

[----------] Global test environment tear-down
[==========] 3 tests from 1 test case ran. (0 ms total)
[  PASSED  ] 3 tests.
